[   0.000000] Linux version 4.15.0-76-generic (buildd@lcy01-amd64-029) (gcc version 7.4.0 (Ubuntu 7.4.0-1ubuntu1~18.04.1)) #86-Ubuntu SMP Fri Jan 17 17:24:28 UTC 2020 (Ubuntu 4.15.0-76.86-generic 4.15.18)
[    0.000000] Command line: BOOT_IMAGE=/boot/vmlinuz-4.15.0-76-generic root=UUID=fbaacd62-c4ed-4e57-a021-65868a37f06c ro console=tty1 console=ttyS0
[    0.000000] KERNEL supported cpus:
[    0.000000]   Intel GenuineIntel
[    0.000000]   AMD AuthenticAMD
[    0.000000]   Centaur CentaurHaul
[    0.00000] x86/fpu: Spporti XSAVE feature 0x001: 'x87 floating point registers'
[   0.000000] x86/fpu: Supporting XSAVE feature 0x002: 'SSE registers'
[    0.000000] x86/fpu: Supporting XSAVE feature 0x004: 'AVX registers'
[    0.000000] x86/fpu: xstate_offset[2]:  576, xstate_sizes[2]:  256
[    0.000000] x86/fpu: Enabled xstate features 0x7, context size is 832 bytes, using 'standard' format.
[    0.000000] e820: BIOS-provided physical RAM map:
[    0.000000] BIOS-e820: [mem  0x0000000000000000-0000000000009fbff] usable
[    0.000000] BIOS-e820: [mem 0x000000000009fc00-0x000000000009ffff] reserved
[    0.000000] BIOS-e820: [mem 0x00000000000f0000-0x00000000000fffff] reserved
[    0.000000] BIOS-e820: [mem 0x0000000000100000-0x00000000dffeffff] usable
[    0.000000] BIOS-e820: [mem 0x00000000dfff0000-0x00000000dfffffff] ACPI data
[    0.000000] BIOS-e820: [mem 0x00000000fec00000-0x00000000fec00fff] reserved
[    0.000000] BIOS-e820: [mem 0x0000000fee00000-0x00000000fee00fff] reserved
[    0.000000] BIOS-e820: [mem 0x00000000fffc0000-0x00000000ffffffff] reserved
[    0.000000] BIOS-e820: [mem 0x0000000100000000-0x0000000248afffff] usable
[    0.000000] NX (Execute Disable) protection: active
[    0.000000] SMBIOS 2.5 present.
[    0.000000] DMI: innotek GmbH VirtualBox/VirtualBox, BIOS VirtualBox 12/01/2006
[    0.000000] Hypervisor dtected: KVM
[    000000 e820: last_pfn =x248b00 max_ach_pfn = 0x400000000
[    0.000000] MTRR: Disabled
[    0.000000] x86/PAT: MTRRs disabled, skipping PAT initialization too.
[    0.000000] CPU MTRRs all blank - virtualized system.
[    0.000000] x86/PAT: Configuration [0-7]: WB  WT  UC- UC  WB  WT  UC- UC  
[    0.000000] e820: last_pfn = 0xdfff0 max_arch_pfn = 0x400000000
[    0.000000] found SMP MP-table at [mem 0x0009fff0-0x0009ffff]
[    0.000000] Scanning 1 areas for low memory corruption
[    0.000000] RAMDISK: [mem 0x35969000-0x36cabfff]
[    0.000000] ACPI: Early table checksum verification disabled
[    0.000000] ACPI: RSDP 0x00000000000E0000 000024 (v02 VBOX  )
[    0.000000] ACPI: XSDT 0x00000000DFFF0030 00003C (v01 VOX   VBOXXSDT 00000001 ASL  00000061)
[    0.000000] ACPI: FACP 0x00000000DFFF00F0 0000F4 (v04 VBOX   VBOXFACP 00000001 ASL  00000061)
[    0.000000] ACPI: DSDT 0x00000000DFFF0470 0021FF (v02 VBOX   VBOXBIOS 00000002 INTL 2100528)
[    0.000000] ACPI: FACS 0x00000000DFFF0200 000040
[    0.000000] ACPI: FACS 0x00000000DFFF0200 000040
[    0.000000] ACPI: APIC 0x00000000DFFF0240 00005C (v02 VBOX   VBOXAPIC 00000001 ASL  00000061)
[    0.000000] ACPI: SSDT 0x00000000DFFF02A0 0001CC (v01 VBOX   VBOXCPUT 00000002 INTL 20100528)
[    0.000000] No NUMA onfiguration found
[    0.000000] Faking a node at [mem 0x0000000000000000-0x0000000248afffff]
[    0.000000] NODE_DATA(0) allocated [mem 248ad5000-0x8afffff]
[  0.000000] kvm-clockcpu 0, msr 2:48a54001, primary cpu clock
[    0.000000] kvm-clock: Using msrs 4b564d01 and 4b564d00
[    0.000000] kvm-clock: using schd ffset of 489082403 cycles
[    0.000000] clocksource: kvm-clock: mask: 0xffffffffffffffff max_cycles: 0x1cd42e4dffb, max_idle_ns: 881590591483 ns
[    0.000000] Zone ranges:
[    0.000000]   DMA      [mem 0x0000000000001000-0x0000000000ffff]
[    0.000000]   DMA32    [mem 0x0000000001000000-0x00000000ffffffff]
[    0.000000]   Normal   [mem 0x0000000100000000-0x0000000248afffff]
[    0.000000]   Device   empty
[    0.0000] Movable zone start for each node
[    0.000000] Early memory noode rans

[    000000]   node   0: [mem 0x0000000000001000-0x000000000009efff]
[    0.000000]   node   0: [mem 0x0000000000100000-0x00000000dffeffff]
[    0.000000]   node   0: [mem 0x0000000100000000-0x000000248afffff]
[    0.00000] Reserved but unavailable: 98 pages
[    0.000000] Intmem setupode 0 [mem 0x0000000000001000-0x0000000248afffff]
[    0.000000] ACPI: PM-Timer IO Port: 0x4008
[    0.000000] IOAPIC[0]: apic_id 2, version 32, address 0xfec00000, GSI 0-23
[    0.000000] ACPI: INT_SRC_OVR (bus 0 bus_irq 0 global_irq 2 dfl dfl)
[    0.000000] ACPI: INT_SRC_OVR (bus 0 bus_irq 9 global_irq 9 low levl)
[    0.000000] Using ACPI (MADT) for SMP configuration information
[    0.00000] smpboot: Allowing 2 CPUs, 0 hotplug CPUs
[    0.000000] PM: Registered nosave memory: [mem 0x00000000-0x00000fff]
[    0.000000] PM: Registered noave memory: [mem 0x0009f000-0x0009ffff]
[    0.000000] PM: Registered nosave memory: [mem 0x000a0000-0x000effff]
[    0.000000] PM: Registered nosave memory: [mem 0x000f0000-0x000fffff]
[    0.000000] PM: Registered nosave memory: [mem 0xdfff0000-0xdfffffff]
[    .000000] PM: Registered nosave memory: [mem 0xe0000000-0xfebfffff]
[    0.0000] PM: Registered nosave memory: [mem 0xfec00000-0xfec00fff]
[   0.000000] PM: Registered nosave memory: [mem 0xfec01000-0xfedffff]
[    0.000000] PM: Registered nosave memory: [mem 0xfe00000-0xfee00fff]
[    0.000000] PM: Registered nosave memory: [mem 0xfee01000-0xfffbffff]
[    0.000000] PM: Registered nosave memory: [mem 0xfffc0000-0xffffffff]
[    0.00000] e820: [mem 0xe0000000-0xfebfffff] available for PCI devices
[    0.000000] Booting paravirtualized kernel on VM
    0.000000] clocksource: refined-jiffies: mask: 0xffffffff max_cycles: 0xffffffff, max_idle_ns: 7645519600211568 ns
[    0.000000] random: get_random_ytes called from start_kernel+0x99/0x4fd with crng_init=0
[    0.000000] setup_percpu: NR_CPUS:8192 nr_cpumask_bits:2 nr_cpu_ids:2 nr_node_ids:1
[    0.000000] percpu: Embede 45 pes/cpu s147456 r8192 d28672 u1048576
[    0.000000] PV qspinlock hash table entries: 256 (orde: , 4096 tes)
[    0.0000]] Bult 1 zonelists, mobility grouping on.  Total pages: 2228301
   0.0000] Policy zone: Normal
[    0.000000] Kernel command line: BOOT_IMAGE=/boot/vmlinuz-4.15.0-76-generic root=UUID=fbaacd62-c4ed-4e57-a021-65868a37f06c ro console=tty1 console=ttyS0
[    0.000000] Memory: 8796268K/9054776K available (12300K kernel code, 2481K rwdata, 4260K rodata, 2428K init, 2704K bss, 258508K reserved, 0K cma-reserved)
[    0.000000] SLUB: HWalign=64, Order=0-3,inObjects=0, CPUs=2Nodes=1
[    0.000000] Kernel/User page tables isolation: enabled
[    0.000000] ftrace: allocating 39322 enties in 154 pages
[    0.004000] Hierarchical RCU implementation.
[    0.004000] 	RCU restricting CPUs from NR_CPUS=8192 to nr_cpu_ids=2.
[    0.004000] 	Tasks RCU enabled.
[    0.004000] RCU:Adjusting geometry for rcu_fanout_leaf=16, nr_cpu_ids=2
[    0.004000] NR_IRQS: 524544, nr_irqs: 440, preallocated irqs: 16
[    0.004000] Console: colour VGA+ 80x25
[    0.004000] console [tty1] enabled
[    0.004000] cnsole [ttyS0] enabled
[   0.004000] ACPI: Core revision 20170831
[    0.04000]CPI: 2 ACPI AML tables successfully acquired and loaded
[    0.004000] APIC: Switch to symmetric I/O mode setup
[    0.004000] x2apic enabled
[    0.004000] Switched APIC routing to physical x2apic.
[    0.005008] ..TIMER: vector=0x30 apic1=0 pin1=2 apic2=-1 pin2=-1
[    0.008006] tsc: Detected 3096.000 MHz processor
[    0.009884] Calibrating delay loop (skipped) preset value.. 6192.00 BogoMIPS (lpj=12384000)
[    0.012007] pid_max: default: 32768 minimum: 301
[    0.016040] Security Framework initialized
[    0.020008] Yama: becoming mindful.
[    0.021221] AppArmor: AppArmor initialized
[    0.037833] Dentry cache hash table entries: 2097152 (order: 12, 16777216 bytes)
[    0.046221] Inode-cache hash table entries: 1048576 (order: 11, 8388608 bytes)
[    0.048049] Mount-cache hash table entries: 32768 (order: 6, 262144 bytes)
[    0.052079] Mountpoint-cache hash table entries: 32768 (order: 6, 262144 bytes)
[    0.057891] Last level iTLB entries: 4KB 64, 2MB 8, 4MB 8
[    0.060006] Last level dTLB entries: 4KB 64, 2MB 0, 4MB 0, 1GB 4
[    0.064008] Spectre V1 : Mitigation: usercopy/swapgs barriers and __user pointer sanitization
[    0.068006] Spectre V2 : Mitigation: Full generic retpoline
[    0.072005] Spectre V2 : Spectre v2 / SpectreRSB mitigation: Filling RSB on context switch
[    0.076006] Speculative Store Bypass: Vulnerable
[    0.080042] MDS: Vulnerable: Clear CPU buffers attempted, no microcode
[    0.084171] Freeing SMP alternatives memory: 36K
[    0.201504] smpboot: CPU0: Intel(R) Core(TM) i5-7267U CPU @ 3.10GHz (family: 0x6, model: 0x8e, stepping: 0x9)
[    0.204000] Performance Events: unsupported p6 CPU model 142 no PMU driver, software events only.
[    0.204043] Hierarchical SRCU implementation.
[    0.208643] NMI watchdog: Perf event create on CPU 0 failed with -2
[    0.212006] NMI watchdog: Perf NMI watchdog permanently disabled
[    0.213368] smp: Bringing up secondary CPUs ...
[    0.216075] x86: Booting SMP configuration:
[    0.220008] .... node  #0, CPUs:      #1
[    0.004000] kvm-clock: cpu 1, msr 2:48a54041, secondary cpu clock
[    0.228092] smp: Brought up 1 node, 2 CPUs
[    0.232011] smpboot: Max logical packages: 1
[    0.236007] smpboot: Total of 2 processors activated (12384.00 BogoMIPS)
[    0.240634] devtmpfs: initialized
[    0.244066] x86/mm: Memory block size: 128MB
[    0.248032] evm: security.selinux
[    0.248999] evm: security.SMACK64
[    0.252003] evm: security.SMACK64EXEC
[    0.253060] evm: security.SMACK64TRANSMUTE
[    0.256002] evm: security.SMACK64MMAP
[    0.260005] evm: security.apparmor
[    0.264002] evm: security.ima
[    0.268014] evm: security.capability
[    0.272150] clocksource: jiffies: mask: 0xffffffff max_cycles: 0xffffffff, max_idle_ns: 7645041785100000 ns
[    0.276018] futex hash table entries: 512 (order: 3, 32768 bytes)
[    0.280075] pinctrl core: initialized pinctrl subsystem
[    0.282346] RTC time: 16:01:27, date: 02/21/20
[    0.284344] NET: Registered protocol family 16
[    0.288101] audit: initializing netlink subsys (disabled)
[    0.292005] audit: type=2000 audit(1582300890.037:1): state=initialized audit_enabled=0 res=1
[    0.300016] cpuidle: using governor ladder
[    0.304025] cpuidle: using governor menu
[    0.308067] ACPI: bus type PCI registered
[    0.312010] acpiphp: ACPI Hot Plug PCI Controller Driver version: 0.5
[    0.316129] PCI: Using configuration type 1 for base access
[    0.329405] HugeTLB registered 2.00 MiB page size, pre-allocated 0 pages
[    0.336533] ACPI: Added _OSI(Module Device)
[    0.340012] ACPI: Added _OSI(Processor Device)
[    0.344157] ACPI: Added _OSI(3.0 _SCP Extensions)
[    0.348008] ACPI: Added _OSI(Processor Aggregator Device)
[    0.352007] ACPI: Added _OSI(Linux-Dell-Video)
[    0.356008] ACPI: Added _OSI(Linux-Lenovo-NV-HDMI-Audio)
[    0.360011] ACPI: Added _OSI(Linux-HPI-Hybrid-Graphics)
[    0.364404] ACPI: Executed 1 blocks of module-level executable AML code
[    0.374113] ACPI: Interpreter enabled
[    0.376000] ACPI: (supports S0 S5)
[    0.376007] ACPI: Using IOAPIC for interrupt routing
[    0.377342] PCI: Using host bridge windows from ACPI; if necessary, use "pci=nocrs" and report a bug
[    0.380364] ACPI: Enabled 2 GPEs in block 00 to 07
[    0.394094] ACPI: PCI Root Bridge [PCI0] (domain 0000 [bus 00-ff])
[    0.396011] acpi PNP0A03:00: _OSC: OS supports [ASPM ClockPM Segments MSI]
[    0.400058] acpi PNP0A03:00: _OSC: not requesting OS control; OS requires [ExtendedConfig ASPM ClockPM MSI]
[    0.404029] acpi PNP0A03:00: fail to add MMCONFIG information, can't access extended PCI configuration space under this bridge.
[    0.408489] PCI host bridge to bus 0000:00
[    0.409997] pci_bus 0000:00: root bus resource [io  0x0000-0x0cf7 window]
[    0.412005] pci_bus 0000:00: root bus resource [io  0x0d00-0xffff window]
[    0.414664] pci_bus 0000:00: root bus resource [mem 0x000a0000-0x000bffff window]
[    0.416015] pci_bus 0000:00: root bus resource [mem 0xe0000000-0xfdffffff window]
[    0.420010] pci_bus 0000:00: root bus resource [bus 00-ff]
[    0.426115] pci 0000:00:01.1: legacy IDE quirk: reg 0x10: [io  0x01f0-0x01f7]
[    0.428015] pci 0000:00:01.1: legacy IDE quirk: reg 0x14: [io  0x03f6]
[    0.432014] pci 0000:00:01.1: legacy IDE quirk: reg 0x18: [io  0x0170-0x0177]
[    0.436009] pci 0000:00:01.1: legacy IDE quirk: reg 0x1c: [io  0x0376]
[    0.506083] pci 0000:00:07.0: quirk: [io  0x4000-0x403f] claimed by PIIX4 ACPI
[    0.508027] pci 0000:00:07.0: quirk: [io  0x4100-0x410f] claimed by PIIX4 SMB
[    0.556764] ACPI: PCI Interrupt Link [LNKA] (IRQs 5 9 10 *11)
[    0.560358] ACPI: PCI Interrupt Link [LNKB] (IRQs 5 9 *10 11)
[    0.564185] ACPI: PCI Interrupt Link [LNKC] (IRQs 5 *9 10 11)
[    0.568160] ACPI: PCI Interrupt Link [LNKD] (IRQs 5 9 10 *11)
[    0.572522] SCSI subsystem initialized
[    0.576126] pci 0000:00:02.0: vgaarb: setting as boot VGA device
[    0.580000] pci 0000:00:02.0: vgaarb: VGA device added: decodes=io+mem,owns=io+mem,locks=none
[    0.580007] pci 0000:00:02.0: vgaarb: bridge control possible
[    0.584005] vgaarb: loaded
[    0.588044] ACPI: bus type USB registered
[    0.592058] usbcore: registered new interface driver usbfs
[    0.596021] usbcore: registered new interface driver hub
[    0.597530] usbcore: registered new device driver usb
[    0.600083] EDAC MC: Ver: 3.0.0
[    0.604357] PCI: Using ACPI for IRQ routing
[    0.612093] NetLabel: Initializing
[    0.616006] NetLabel:  domain hash size = 128
[    0.620004] NetLabel:  protocols = UNLABELED CIPSOv4 CALIPSO
[    0.621796] NetLabel:  unlabeled traffic allowed by default
[    0.624083] clocksource: Switched to clocksource kvm-clock
[    0.648719] VFS: Disk quotas dquot_6.6.0
[    0.649940] VFS: Dquot-cache hash able entries: 512 (order 0, 096bytes)
[    0.748972] AppArmor: AppArmor Filesystem Enabl
[   8014 pnp PnP ACPI init
[  0.968579] pnp: PnP ACPI: found 3 devices

[   1.8757] clocksource: acpi_pm: mask: 0xffffff max_cycles: 0xffffff, max_idle_ns: 285701024 ns
[    1.126077] NET: Registered protol ami 2

[  13283]CP established hash table entrie 131072 (orde 8104876yts)
[    1.7540] TCP bind hash table entries: 65536 (order: 8, 1048576 bytes)
[    1.802386] TCP: sh tales configured (establishe131072 bind55)

[    2.015070] UDP hash table entries: 8192 (order: 6, 262144 bytes)[  2469]DP-Lite hash table entries: 8192 (order: 6, 2644 bytes)
[    2.390220] NET: Registered protocol family 1
[    2.396648] pci 0000:00:00.0: Limiting direct PCI/PCI transfers
[    2.401674] pci 0000:00:01.0: Activating ISA DMA hang workarounds
[    2.409000] pci 0000:00:02.0: Video device with shadowed ROM at [mem 0x000c0000-0x000dffff]
[    2.419455] Unpacking initramfs...

[    2.754064] Freeing initrd memory: 19724K
[    2.793753] PCI-DMA: Using software bounce buffering for IO (SWIOTLB)
[    2.806580] software IO TLB: mapped [mem 0xdbff0000-0xdfff0000] (64MB)
[    2.841960] clocksource: tsc: mask: 0xffffffffffffffff max_cycles: 0x2ca08564bf3, max_idle_ns: 440795312460 ns
[    2.844848] platform rtc_cmos: registered platform RTC device (no PNP device found)
[    2.847356] Scanning for low memory corruption every 60 seconds
[    2.857405] Initialise system trusted keyrings
[    2.864539] Key type blacklist registered
[    2.871409] workingset: timestamp_bits=36 max_order=22 bucket_order=0
[    2.886974] zbud: loaded
[    2.889637] squashfs: version 4.0 (2009/01/31) Phillip Lougher
[    2.891609] fuse init (API version 7.26)
[    2.904313] Key type asymmetric registered
[    2.905906] Asymmetric key parser 'x509' registered
[    2.925793] Block layer SCSI generic (bsg) driver version 0.4 loaded (major 246)
[    2.928068] io scheduler noop registered
[    2.929228] io scheduler deadline registered
[    2.934056] io scheduler cfq registered (default)
[    2.989138] ACPI: AC Adapter [AC] (on-line)
[    3.006982] input: Power Button as /devices/LNXSYSTM:00/LNXPWRBN:00/input/input0
[    3.015593] ACPI: Power Button [PWRF]
[    3.028440] input: Sleep Button as /devices/LNXSYSTM:00/LNXSLPBN:00/input/input1
[    3.071159] ACPI: Sleep Button [SLPF]
[    3.072732] Serial: 8250/16550 driver, 32 ports, IRQ sharing enabled
[    3.073939] ACPI: Battery Slot [BAT0] (battery present)
[    3.101619] 00:02: ttyS0 at I/O 0x3f8 (irq = 4, base_baud = 115200) is a 16550A
[    3.131561] Linux agpgart interface v0.103
[    3.138144] loop: module loaded
[    3.160551] scsi host0: ata_piix
[    3.191454] scsi host1: ata_piix
[    3.206672] ata1: PATA max UDMA/33 cmd 0x1f0 ctl 0x3f6 bmdma 0xd000 irq 14
[    3.208614] ata2: PATA max UDMA/33 cmd 0x170 ctl 0x376 bmdma 0xd008 irq 15
[    3.210633] libphy: Fixed MDIO Bus: probed
[    3.213231] tun: ivrsa TUN/TAP device driver, 1.6
[    3.369917] PPP generic driver version 2.4.2
[    3.388359] ehci_hcd: USB 2.0 'Enhanced' Host Controller (EHCI) Driver
[    3.401531] ehci-pci: EHCI PCI platform driver
[    3.402499] ehci-platform: EHCI generic platform driver
[    3.409567] ohci_hcd: USB 1.1 'Open' Host Controller (OHCI) Driver
[    3.411279] ohci-pci: OHCI PCI platform driver
[    3.417504] ohci-platform: OHCI generic platform driver
[    3.437015] uhci_hcd: USB Universal Host Controller Interface driver
[    3.446236] i8042: PNP: PS/2 Controller [PNP0303:PS2K,PNP0f03:PS2M] at 0x60,0x64 irq 1,12
[    3.449508] serio: i8042 KBD port at 0x60,0x64 irq 1
[    3.455477] serio: i8042 AUX port at 0x60,0x64 irq 12
[    3.481876] mousedev: PS/2 mouse device common for all mice
[    3.484656] input: AT Translated Set 2 keyboard as /devices/platform/i8042/serio0/input/input2
[    3.487184] rtc_cmos rtc_cmos: rtc core: registered rtc_cmos as rtc0
[    3.495244] rtc_cmos rtc_cmos: alarms up to one day, 114 bytes nvram
[    3.506717] i2c /dev entries driver
[    3.513686] device-mapper: uevent: version 1.0.3
[    3.518976] device-mapper: ioctl: 4.37.0-ioctl (2017-09-20) initialised: dm-devel@redhat.com
[    3.531658] ledtrig-cpu: registered to indicate activity on CPUs
[    3.546935] NET: Registered protocol family 10
[    3.563278] Segment Routing with IPv6
[    3.579540] NET: Registered protocol family 17
[    3.589277] Key type dns_resolver registered
[    3.591240] mce: Using 0 MCE banks
[    3.598994] RAS: Correctable Errors collector initialized.
[    3.600617] sched_clock: Marking stable (3600587195, 0)->(7948742669, -4348155474)
[    3.616830] registered taskstats version 1
[    3.641242] Loading compiled-in X.509 certificates
[    3.645205] Loaded X.509 cert 'Build time autogenerated kernel key: 665cd2b89e03521f57c41865f552ebce30a0c7fb'
[    3.683311] zswap: loaded using pool lzo/zbud
[    3.688924] Key type big_key registered
[    3.689911] Key type trusted registered
[    3.693234] Key type encrypted registered
[    3.701837] AppArmor: AppArmor sha1 policy hashing enabled
[    3.703612] ima: No TPM chip found, activating TPM-bypass! (rc=-19)
[    3.705386] ima: Allocated hash algorithm: sha1
[    3.729540] evm: HMAC attrs: 0x1
[    3.730971]   Magic number: 8:212:35
[    3.732035] bdi 7:0: hash matches
[    3.733324] memory memory71: hash matches
[    3.745057] rtc_cmos rtc_cmos: setting system clock to 2020-02-21 16:01:30 UTC (1582300890)
[    3.759919] BIOS EDD facility v0.16 2004-Jun-25, 0 devices found
[    3.767290] EDD information not available.
[    3.771129] Freeing unused kernel image memory: 2428K
[    3.853274] Write protecting the kernel read-only data: 20480k
[    3.883128] Freeing unused kernel image memory: 2008K
[    3.886238] Freeing unused kernel image memory: 1884K
[    3.894665] x86/mm: Checked W+X mappings: passed, no W+X pages found.
[    3.902473] x86/mm: Checking user space page tables
[    3.922746] x86/mm: Checked W+X mappings: passed, no W+X pages found.
Loading, please wait...
starting version 237
[    4.003952] Fusion MPT base driver 3.04.20
[    4.005428] Copyright (c) 1999-2008 LSI Corporation
[    4.025701] Fusion MPT SPI Host driver 3.04.20
[    4.030011] e1000: Intel(R) PRO/1000 Network Driver - version 7.3.21-k8-NAPI
[    4.039364] e1000: Copyright (c) 1999-2006 Intel Corporation.
[    4.050486] mptbase: ioc0: Initiating bringup
[    4.055209] AVX2 version of gcm_enc/dec engaged.
[    4.056461] AES CTR mode by8 optimization enabled
[    4.160468] ioc0: LSI53C1030 A0: Capabilities={Initiator}
[    4.234979] input: ImExPS/2 Generic Explorer Mouse as /devices/platform/i8042/serio1/input/input4
[    4.419798] scsi host2: ioc0: LSI53C1030 A0, FwRev=00000000h, Ports=1, MaxQ=256, IRQ=20
[    4.591097] scsi 2:0:0:0: Direct-Access     VBOX     HARDDISK         1.0  PQ: 0 ANSI: 5
[    4.993124] scsi target2:0:0: Beginning Domain Validation
[    5.008873] scsi target2:0:0: Domain Validation skipping write tests
[    5.010195] scsi target2:0:0: Ending Domain Validation
[    5.011299] scsi target2:0:0: asynchronous
[    5.012466] scsi 2:0:1:0: Direct-Access     VBOX     HARDDISK         1.0  PQ: 0 ANSI: 5
[    5.030981] e1000 0000:00:03.0 eth0: (PCI:33MHz:32-bit) 02:0c:ab:1a:41:62
[    5.079094] e1000 0000:00:03.0 eth0: Intel(R) PRO/1000 Network Connection
[    5.123313] scsi target2:0:1: Beginning Domain Validation
[    5.996243] random: fast init done
[    6.107504] scsi target2:0:1: Domain Validation skipping write tests
[    6.109158] scsi target2:0:1: Ending Domain Validation
[    6.110566] scsi target2:0:1: asynchronous
[    6.122756] random: systemd-udevd: uninitialized urandom read (16 bytes read)
[    6.124405] random: systemd-udevd: uninitialized urandom read (16 bytes read)
[    6.137568] sd 2:0:0:0: Attached scsi generic sg0 type 0
[    6.150847] sd 2:0:0:0: [sda] 20971520 512-byte logical blocks: (10.7 GB/10.0 GiB)
[    6.186774] sd 2:0:1:0: Attached scsi generic sg1 type 0
[    6.202988] random: systemd-udevd: uninitialized urandom read (16 bytes read)
[    6.205945] sd 2:0:1:0: [sdb] 20480 512-byte logical blocks: (10.5 MB/10.0 MiB)
[    6.208564] sd 2:0:1:0: [sdb] Write Protect is off
[    6.210502] sd 2:0:1:0: [sdb] Incomplete mode parameter data
[    6.212528] sd 2:0:1:0: [sdb] Assuming drive cache: write through
[    6.239374] sd 2:0:0:0: [sda] Write Protect is off
[    6.241453] sd 2:0:0:0: [sda] Incomplete mode parameter data
[    6.250159] sd 2:0:0:0: [sda] Assuming drive cache: write through
[    6.268516]  sda: sda1
[    6.271276] sd 2:0:0:0: [sda] Attached SCSI disk
[    6.282074] sd 2:0:1:0: [sdb] Attached SCSI disk
[    6.713629] e1000 0000:00:08.0 eth1: (PCI:33MHz:32-bit) 08:00:27:ed:16:fa
[    6.722483] e1000 0000:00:08.0 eth1: Intel(R) PRO/1000 Network Connection
[    6.735546] e1000 0000:00:03.0 enp0s3: renamed from eth0
[    6.757173] e1000 0000:00:08.0 enp0s8: renamed from eth1
Begin: Loading essential drivers ... [    8.204206] raid6: sse2x1   gen()  8460 MB/s
[    8.252152] raid6: sse2x1   xor()  6179 MB/s
[    8.304123] raid6: sse2x2   gen() 11305 MB/s
[    8.368042] raid6: sse2x2   xor()  8152 MB/s
[    8.432366] raid6: sse2x4   gen() 13985 MB/s
[    8.496660] raid6: sse2x4   xor()  9834 MB/s
[    8.572159] raid6: avx2x1   gen() 18911 MB/s
[    8.624159] raid6: avx2x1   xor() 13641 MB/s
[    8.676202] raid6: avx2x2   gen() 24306 MB/s
[    8.744264] raid6: avx2x2   xor() 15834 MB/s
[    8.792632] raid6: avx2x4   gen() 28704 MB/s
[    8.864188] raid6: avx2x4   xor() 19135 MB/s
[    8.899847] raid6: using algorithm avx2x4 gen() 28704 MB/s
[    8.930214] raid6: .... xor() 19135 MB/s, rmw enabled
[    8.953511] raid6: using avx2x2 recovery algorithm
[    8.966821] xor: automatically using best checksumming function   avx       
[    8.991730] async_tx: api initialized (async)
done.
Begin: Running /scripts/init-premount ... done.
Begin: Mounting root file system ... Begin: Running /scripts/local-top ... done.
Begin: Running /scripts/local[    9.054421] Btrfs loaded, crc32c=crc32c-intel
-premount ... Scanning for Btrfs filesystems
done.
Warning: fsck not present, so sk[    9.122358] EXT4-fs (sda1): INFO: recovery required on readonly filesystem
ipping root file[    9.151310] EXT4-fs (sda1): write access will be enabled during recovery
 system
[    9.294080] EXT4-fs (sda1): orphan cleanup on readonly fs
[    9.324652] EXT4-fs (sda1): 7 orphan inodes deleted
[    9.331881] EXT4-fs (sda1): recovery complete
[    9.335972] EXT4-fs (sda1): mounted filesystem with ordered data mode. Opts: (null)
done.
Begin: Running /scripts/local-bottom ... done.
Begin: Running /scripts/init-bottom ... done.
[   10.551482] ip_tables: (C) 2000-2006 Netfilter Core Team
[   10.659810] systemd[1]: systemd 237 running in system mode. (+PAM +AUDIT +SELINUX +IMA +APPARMOR +SMACK +SYSVINIT +UTMP +LIBCRYPTSETUP +GCRYPT +GNUTLS +ACL +XZ +LZ4 +SECCOMP +BLKID +ELFUTILS +KMOD -IDN2 +IDN -PCRE2 default-hierarchy=hybrid)
[   10.799846] systemd[1]: Detected virtualization oracle.
[   10.820085] systemd[1]: Detected architecture x86-64.

Welcome to [1mUbuntu 18.04.1 LTS[0m!

[   10.885226] systemd[1]: Set hostname to <ubuntu-bionic>.
[   10.913715] random: crng init done
[   10.933699] random: 7 urandom warning(s) missed due to ratelimiting
[   12.262204] systemd[1]: Created slice User and Session Slice.
[[0;32m  OK  [0m] Created slice User and Session Slice.
[   12.280652] systemd[1]: Set up automount Arbitrary Executable File Formats File System Automount Point.
[[0;32m  OK  [0m] Set up automount Arbitrary Executabâ€¦rmats File System Automount Point.
[   12.320791] systemd[1]: Reached target System Time Synchronized.
[[0;32m  OK  [0m] Reached target System Time Synchronized.
[   12.328870] systemd[1]: Started Forward Password Requests to Wall Directory Watch.
[[0;32m  OK  [0m] Started Forward Password Requests to Wall Directory Watch.
[   12.348403] systemd[1]: Reached target Swap.
[[0;32m  OK  [0m] Reached target Swap.
[   12.353889] systemd[1]: Reached target User and Group Name Lookups.
[[0;32m  OK  [0m] Reached target User and Group Name Lookups.
[[0;32m  OK  [0m] Created slice System Slice.
[[0;32m  OK  [0m] Listening on Network Service Netlink Socket.
[[0;32m  OK  [0m] Listening on Journal Socket.
         Starting Create list of required stâ€¦ce nodes for the current kernel...
[[0;32m  OK  [0m] Listening on LVM2 metadata daemon socket.
[[0;32m  OK  [0m] Listening on Syslog Socket.
         Starting Uncomplicated firewall...
[[0;32m  OK  [0m] Listening on /dev/initctl Compatibility Named Pipe.
         Mounting Huge Pages File System...
[[0;32m  OK  [0m] Listening on Journal Audit Socket.
[[0;32m  OK  [0m] Created slice system-serial\x2dgetty.slice.
         Starting Load Kernel Modules...
[[0;32m  OK  [0m] Listening on LVM2 poll daemon socket.
[[0;32m  OK  [0m] Listening on Device-mapper event daemon FIFOs.
         Starting Monitoring of LVM2 mirrorsâ€¦ng dmeventd or progress polling...
         Mounting Kernel Debug File System...
[[0;32m  OK  [0m] Listening on udev Kernel Socket.
[[0;32m  OK  [0m] Listening on udev Control Socket.
[   12.693467] Loading iSCSI transport class v2.0-870.
         Starting udev Coldplug all Devices...
         Starting Remount Root and Kernel File Systems...
         Startin[   12.745962] iscsi: registered transport (tcp)
g Set the console keyboard layout...
         Mounting POSIX Message Queue File System...
[[0;32m  OK  [0m] Reached target Slices.
[[0;32m  OK  [0m] Listening on Journal Socket (/dev/log).
         Starting Journal Servic[   12.825762] iscsi: registered transport (iser)
e...
[   12.903389] EXT4-fs (sda1): re-mounted. Opts: (null)
[[0;32m  OK  [0m] Started Create list of required staâ€¦vice nodes for the current kernel.
[[0;32m  OK  [0m] Started Uncomplicated firewall.
[[0;32m  OK  [0m] Mounted Huge Pages File System.
[[0;32m  OK  [0m] Started Load Kernel Modules.
[[0;32m  OK  [0m] Started Journal Service.
[[0;32m  OK  [0m] Mounted Kernel Debug File System.
[[0;32m  OK  [0m] Started Remount Root and Kernel File Systems.
[[0;32m  OK  [0m] Started Set the console keyboard layout.
[[0;32m  OK  [0m] Mounted POSIX Message Queue File System.
[[0;32m  OK  [0m] Started udev Coldplug all Devices.
[[0;32m  OK  [0m] Started LVM2 metadata daemon.
         Starting Initial cloud-init job (pre-networking)...
         Starting Load/Save Random Seed...
         Starting Flush Journal to Persistent Storage...
         Mounting FUSE Control File System...
         Starting Apply Kernel Variables...
         Mounting Kernel Configuration File System...
         Starting Create Static Device Nodes in /dev...
[[0;32m  OK  [0m] Started Monitoring of LVM2 mirrors,â€¦sing dmeventd or progress polling.
[[0;32m  OK  [0m] Mounted FUSE Control File System.
[[0;32m  OK  [0m] Mounted Kernel Configuration File System.
[[0;32m  OK  [0m] Started Load/Save Random Seed.
[[0;32m  OK  [0m] Started Apply Kernel Variables.
[[0;32m  OK  [0m] Started Create Static Device Nodes in /dev.
         Starting udev Kernel Device Manager...
[[0;32m  OK  [0m] Reached target Local File Systems (Pre).
[[0;32m  OK  [0m] Reached target Local File Systems.
         Starting AppArmor initialization...
         Starting Tell Plymouth To Write Out Runtime Data...
         Starting ebtables ruleset management...
         Starting Set console font and keymap...
[[0;32m  OK  [0m] Started Set console font and keymap.
[[0;32m  OK  [0m] Started Tell Plymouth To Write Out Runtime Data.
[[0;32m  OK  [0m] Started udev Kernel Device Manager.
[[0;32m  OK  [0m] Started Dispatch Password Requests to Console Directory Watch.
[[0;32m  OK  [0m] Reached target Local Encrypted Volumes.
[[0;32m  OK  [0m] Started ebtables ruleset management.
[[0;32m  OK  [0m] Started Flush Journal to Persistent Storage.
         Starting Create Volatile Files and Directories...
[[0;32m  OK  [0m] Started Create Volatile Files and Directories.
         Starting Update UTMP about System Boot/Shutdown...
[[0;32m  OK  [0m] Found device /dev/ttyS0.
[[0;32m  OK  [0m] Started Update UTMP about System Boot/Shutdown.
[[0;32m  OK  [0m] Listening on Load/Save RF Kill Switch Status /dev/rfkill Watch.
[[0;32m  OK  [0m] Started AppArmor initialization.
[   16.656768] cloud-init[423]: Cloud-init v. 18.2 running 'init-local' at Fri, 21 Feb 2020 16:01:43 +0000. Up 16.41 seconds.
[[0;32m  OK  [0m] Started Initial cloud-init job (pre-networking).
[[0;32m  OK  [0m] Reached target Network (Pre).
         Starting Network Service...
[[0;32m  OK  [0m] Started Network Service.
         Starting Network Name Resolution...
         Starting Wait for Network to be Configured...
[[0;32m  OK  [0m] Started Network Name Resolution.
[[0;32m  OK  [0m] Reached target Host and Network Name Lookups.
[[0;32m  OK  [0m] Reached target Network.
[[0;32m  OK  [0m] Started Wait for Network to be Configured.
         Starting Initial cloud-init job (metadata service crawler)...
[   18.951884] cloud-init[664]: Cloud-init v. 18.2 running 'init' at Fri, 21 Feb 2020 16:01:45 +0000. Up 18.83 seconds.
[   18.976254] cloud-init[664]: ci-info: ++++++++++++++++++++++++++++++++++++++Net device info+++++++++++++++++++++++++++++++++++++++
[   19.021291] cloud-init[664]: ci-info: +--------+------+-----------------------------+---------------+--------+-------------------+
[   19.073385] cloud-init[664]: ci-info: | Device |  Up  |           Address           |      Mask     | Scope  |     Hw-Address    |
[   19.132373] cloud-init[664]: ci-info: +--------+------+-----------------------------+---------------+--------+-------------------+
[   19.136012] cloud-init[664]: ci-info: | enp0s3 | True |          10.0.2.15          | 255.255.255.0 | global | 02:0c:ab:1a:41:62 |
[   19.158394] cloud-init[664]: ci-info: | enp0s3 | True |  fe80::c:abff:fe1a:4162/64  |       .       |  link  | 02:0c:ab:1a:41:62 |
[   19.185012] cloud-init[664]: ci-info: | enp0s8 | True |        192.168.33.10        | 255.255.255.0 | global | 08:00:27:ed:16:fa |
[   19.188752] cloud-init[664]: ci-info: | enp0s8 | True | fe80::a00:27ff:feed:16fa/64 |       .       |  link  | 08:00:27:ed:16:fa |
[   19.213686] cloud-init[664]: ci-info: |   lo   | True |          127.0.0.1          |   255.0.0.0   |  host  |         .         |
[   19.244556] cloud-init[664]: ci-info: |   lo   | True |           ::1/128           |       .       |  host  |         .         |
[   19.300202] cloud-init[664]: ci-info: +--------+------+-----------------------------+---------------+--------+-------------------+
[   19.316866] cloud-init[664]: ci-info: +++++++++++++++++++++++++++++Route IPv4 info+++++++++++++++++++++++++++++
[   19.319843] cloud-init[664]: ci-info: +-------+--------------+----------+-----------------+-----------+-------+
[   19.361430] cloud-init[664]: ci-info: | Route | Destination  | Gateway  |     Genmask     | Interface | Flags |
[   19.367684] cloud-init[664]: ci-info: +-------+--------------+----------+-----------------+-----------+-------+
[   19.414091] cloud-init[664]: ci-info: |   0   |   0.0.0.0    | 10.0.2.2 |     0.0.0.0     |   enp0s3  |   UG  |
[   19.456429] cloud-init[664]: ci-info: |   1   |   10.0.2.0   | 0.0.0.0  |  255.255.255.0  |   enp0s3  |   U   |
[   19.485507] cloud-init[664]: ci-info: |   2   |   10.0.2.2   | 0.0.0.0  | 255.255.255.255 |   enp0s3  |   UH  |
[   19.523033] cloud-init[664]: ci-info: |   3   | 192.168.33.0 | 0.0.0.0  |  255.255.255.0  |   enp0s8  |   U   |
[   19.555436] cloud-init[664]: ci-info: +-------+--------------+----------+-----------------+-----------+-------+
[   19.558532] cloud-init[664]: ci-info: +++++++++++++++++++Route IPv6 info+++++++++++++++++++
[   19.584567] cloud-init[664]: ci-info: +-------+-------------+---------+-----------+-------+
[   19.616719] cloud-init[664]: ci-info: | Route | Destination | Gateway | Interface | Flags |
[   19.638888] cloud-init[664]: ci-info: +-------+-------------+---------+-----------+-------+
[   19.641420] cloud-init[664]: ci-info: |   1   |  fe80::/64  |    ::   |   enp0s8  |   U   |
[   19.693071] cloud-init[664]: ci-info: |   2   |  fe80::/64  |    ::   |   enp0s3  |   U   |
[   19.693502] cloud-init[664]: ci-info: |   4   |    local    |    ::   |   enp0s3  |   U   |
[   19.693925] cloud-init[664]: ci-info: |   5   |    local    |    ::   |   enp0s8  |   U   |
[   19.694175] cloud-init[664]: ci-info: |   6   |   ff00::/8  |    ::   |   enp0s8  |   U   |
[   19.694451] cloud-init[664]: ci-info: |   7   |   ff00::/8  |    ::   |   enp0s3  |   U   |
[   19.694691] cloud-init[664]: ci-info: +-------+-------------+---------+-----------+-------+
[[0;32m  OK  [0m] Started Initial cloud-init job (metadata service crawler).
[[0;32m  OK  [0m] Reached target Network is Online.
         Starting iSCSI initiator daemon (iscsid)...
[[0;32m  OK  [0m] Reached target Cloud-config availability.
[[0;32m  OK  [0m] Reached target System Initialization.
[[0;32m  OK  [0m] Listening on UUID daemon activation socket.
[[0;32m  OK  [0m] Started ACPI Events Check.
[[0;32m  OK  [0m] Started Daily Cleanup of Temporary Directories.
[[0;32m  OK  [0m] Listening on D-Bus System Message Bus Socket.
[[0;32m  OK  [0m] Started Message of the Day.
[[0;32m  OK  [0m] Started Daily apt download activities.
[[0;32m  OK  [0m] Started Daily apt upgrade and clean activities.
[[0;32m  OK  [0m] Started Discard unused blocks once a week.
[[0;32m  OK  [0m] Reached target Timers.
         Starting LXD - unix socket.
[[0;32m  OK  [0m] Reached target Paths.
         Starting Socket activation for snappy daemon.
[[0;32m  OK  [0m] Listening on ACPID Listen Socket.
[[0;32m  OK  [0m] Listening on LXD - unix socket.
[[0;32m  OK  [0m] Listening on Socket activation for snappy daemon.
[[0;32m  OK  [0m] Reached target Sockets.
[[0;32m  OK  [0m] Reached target Basic System.
[[0;32m  OK  [0m] Started D-Bus System Message Bus.
[[0;32m  OK  [0m] Started Unattended Upgrades Shutdown.
         Starting LXD - container startup/shutdown...
         Starting Dispatcher daemon for systemd-networkd...
         Starting LSB: Record successful boot for GRUB...
         Starting vboxadd.service...
         Starting Accounts Service...
[[0;32m  OK  [0m] Started FUSE filesystem for LXC.
[[0;32m  OK  [0m] Started Deferred execution scheduler.
         Starting OpenBSD Secure Shell server...
         Starting Login Service...
[[0;32m  OK  [0m] Started irqbalance daemon.
         Starting Apply the settings specified in cloud-config...
         Starting System Logging Service...
         Starting Snappy daemon...
[[0;32m  OK  [0m] Started Regular background program processing daemon.
[[0;32m  OK  [0m] Started iSCSI initiator daemon (iscsid).
[[0;32m  OK  [0m] Started LXD - container startup/shutdown.
[[0;32m  OK  [0m] Started OpenBSD Secure Shell server.
[[0;32m  OK  [0m] Started System Logging Service.
[[0;32m  OK  [0m] Started Login Service.
         Starting Authorization Manager...
         Starting Availability of block devices...
[[0;32m  OK  [0m] Reached target Remote File Systems (Pre).
[[0;32m  OK  [0m] Reached target Remote File Systems.
         Starting Permit User Sessions...
         Starting LSB: automatic crash report generation...
[[0;32m  OK  [0m] Started Availability of block devices.
[[0;32m  OK  [0m] Started Permit User Sessions.
         Starting Terminate Plymouth Boot Screen...
         Starting Hold until boot process finishes up...
[[0;32m  OK  [0m] Started Hold until boot process finishes up.
[[0;32m  OK  [0m] Started Terminate Plymouth Boot Screen.
[[0;32m  OK  [0m] Started Serial Getty on ttyS0.
         Starting Set console scheme...
[[0;32m  OK  [0m] Started Set console scheme.
[[0;32m  OK  [0m] Started LSB: Record successful boot for GRUB.
[[0;32m  OK  [0m] Created slice system-getty.slice.
[[0;32m  OK  [0m] Started Getty on tty1.
[[0;32m  OK  [0m] Reached target Login Prompts.
[[0;32m  OK  [0m] Started Dispatcher daemon for systemd-networkd.
[[0;32m  OK  [0m] Started Authorization Manager.
[[0;32m  OK  [0m] Started LSB: automatic crash report generation.
[[0;32m  OK  [0m] Started Accounts Service.
[   21.588308] cloud-init[889]: Cloud-init v. 18.2 running 'modules:config' at Fri, 21 Feb 2020 16:01:48 +0000. Up 21.29 seconds.
[[0;32m  OK  [0m] Started Apply the settings specified in cloud-config.
[[0;32m  OK  [0m] Started vboxadd.service.
         Starting vboxadd-service.service...
[[0;32m  OK  [0m] Started Snappy daemon.
         Starting Wait until snapd is fully seeded...
[[0;32m  OK  [0m] Started vboxadd-service.service.
[[0;32m  OK  [0m] Started Wait until snapd is fully seeded.
[[0;32m  OK  [0m] Reached target Multi-User System.
         Starting Execute cloud user/final scripts...
[[0;32m  OK  [0m] Reached target Graphical Interface.
         Starting Update UTMP about System Runlevel Changes...
[[0;32m  OK  [0m] Started Update UTMP about System Runlevel Changes.
[[0;32m  OK  [0m] Created slice User Slice of vagrant.
         Starting User Manager for UID 1000...
[[0;32m  OK  [0m] Started Session 1 of user vagrant.
[[0;32m  OK  [0m] Started User Manager for UID 1000.
[   22.841004] cloud-init[1168]: Cloud-init v. 18.2 running 'modules:final' at Fri, 21 Feb 2020 16:01:49 +0000. Up 22.57 seconds.
[   22.876299] cloud-init[1168]: Cloud-init v. 18.2 finished at Fri, 21 Feb 2020 16:01:49 +0000. Datasource DataSourceNoCloud [seed=/dev/sdb][dsmode=net].  Up 22.80 seconds
[[0;32m  OK  [0m] Started Execute cloud user/final scripts.
[[0;32m  OK  [0m] Reached target Cloud-init target.

Ubuntu 18.04.1 LTS ubuntu-bionic ttyS0

ubuntu-bionic login: 